Cadence Genus(TM) Synthesis Solution.
Copyright 2015 Cadence Design Systems, Inc. All rights reserved worldwide.
Cadence and the Cadence logo are registered trademarks and Genus is a trademark
of Cadence Design Systems, Inc. in the United States and other countries.

Version: GENUS15.20 - 15.20-p004_1, built Sat Nov 14 2015
Options: -files ./03_synth/genus_shell.tcl 
Date:    Mon Apr 21 23:18:15 2025
Host:    centos7 (x86_64 w/Linux 3.10.0-1160.108.1.el7.x86_64) (1*AMD Ryzen 5 5600H with Radeon Graphics 512KB)
OS:      CentOS Linux release 7.9.2009 (Core)

Checking out license: Genus_Synthesis

Loading tool scripts...
Sourcing GUI preferences file /home/admin/.cadence/genus/gui.tcl...
Finished loading tool scripts (4 seconds elapsed).

Sourcing ./03_synth/genus_shell.tcl ...

  Message Summary for Library /opt/PDKs/skywater130/timing/sky130_fd_sc_hd__tt_025C_1v80.lib:
  *******************************************************************************************
  Could not find an attribute in the library. [LBR-436]: 454
  An unsupported construct was detected in this library. [LBR-40]: 851
  *******************************************************************************************
 

  Message Summary for Library /opt/PDKs/sky130_sram_macros-dev/sky130_sram_1kbyte_1r1w_8x1024_8/sky130_sram_1kbyte_1r1w_8x1024_8_TT_1p8V_25C.lib:
  ***********************************************************************************************************************************************
  Missing library level attribute. [LBR-516]: 1
  An unsupported construct was detected in this library. [LBR-40]: 2
  ***********************************************************************************************************************************************
 
Info    : Created nominal operating condition. [LBR-412]
        : Operating condition '_nominal_' was created for the PVT values (1.000000, 1.800000, 25.000000) in library 'sky130_fd_sc_hd__tt_025C_1v80.lib'.
        : The nominal operating condition represents either the nominal PVT values if specified in the library source, or the default PVT values (1.0, 1.0, 1.0).
Warning : Library cell has no output pins defined. [LBR-9]
        : Library cell 'sky130_fd_sc_hd__decap_12' must have an output pin.
        : Add the missing output pin(s), then reload the library. Otherwise, the library cell will be marked as unusable and as timing model.
Warning : Library cell has no output pins defined. [LBR-9]
        : Library cell 'sky130_fd_sc_hd__decap_12' must have an output pin.
Warning : Library cell has no output pins defined. [LBR-9]
        : Library cell 'sky130_fd_sc_hd__decap_3' must have an output pin.
Warning : Library cell has no output pins defined. [LBR-9]
        : Library cell 'sky130_fd_sc_hd__decap_3' must have an output pin.
Warning : Library cell has no output pins defined. [LBR-9]
        : Library cell 'sky130_fd_sc_hd__decap_4' must have an output pin.
Warning : Library cell has no output pins defined. [LBR-9]
        : Library cell 'sky130_fd_sc_hd__decap_4' must have an output pin.
Warning : Library cell has no output pins defined. [LBR-9]
        : Library cell 'sky130_fd_sc_hd__decap_6' must have an output pin.
Warning : Library cell has no output pins defined. [LBR-9]
        : Library cell 'sky130_fd_sc_hd__decap_6' must have an output pin.
Warning : Library cell has no output pins defined. [LBR-9]
        : Library cell 'sky130_fd_sc_hd__decap_8' must have an output pin.
Warning : Library cell has no output pins defined. [LBR-9]
        : Library cell 'sky130_fd_sc_hd__decap_8' must have an output pin.
Warning : Library cell has no output pins defined. [LBR-9]
        : Library cell 'sky130_fd_sc_hd__diode_2' must have an output pin.
Warning : Library cell has no output pins defined. [LBR-9]
        : Library cell 'sky130_fd_sc_hd__diode_2' must have an output pin.
Warning : Library cell has no output pins defined. [LBR-9]
        : Library cell 'sky130_fd_sc_hd__lpflow_bleeder_1' must have an output pin.
Warning : Library cell has no output pins defined. [LBR-9]
        : Library cell 'sky130_fd_sc_hd__lpflow_bleeder_1' must have an output pin.
Warning : Library cell has no output pins defined. [LBR-9]
        : Library cell 'sky130_fd_sc_hd__lpflow_decapkapwr_12' must have an output pin.
Warning : Library cell has no output pins defined. [LBR-9]
        : Library cell 'sky130_fd_sc_hd__lpflow_decapkapwr_12' must have an output pin.
Warning : Library cell has no output pins defined. [LBR-9]
        : Library cell 'sky130_fd_sc_hd__lpflow_decapkapwr_3' must have an output pin.
Warning : Library cell has no output pins defined. [LBR-9]
        : Library cell 'sky130_fd_sc_hd__lpflow_decapkapwr_3' must have an output pin.
Warning : Library cell has no output pins defined. [LBR-9]
        : Library cell 'sky130_fd_sc_hd__lpflow_decapkapwr_4' must have an output pin.
Warning : Library cell has no output pins defined. [LBR-9]
        : Library cell 'sky130_fd_sc_hd__lpflow_decapkapwr_4' must have an output pin.
Info    : Created nominal operating condition. [LBR-412]
        : Operating condition '_nominal_' was created for the PVT values (1.000000, 1.800000, 25.000000) in library 'sky130_sram_1kbyte_1r1w_8x1024_8_TT_1p8V_25C.lib'.
  Setting attribute of root '/': 'library' = /opt/PDKs/skywater130/timing/sky130_fd_sc_hd__tt_025C_1v80.lib /opt/PDKs/sky130_sram_macros-dev/sky130_sram_1kbyte_1r1w_8x1024_8/sky130_sram_1kbyte_1r1w_8x1024_8_TT_1p8V_25C.lib
enum logic[3:0] {Idle = 4'b0000, Add = 4'b0001, Sub = 4'b0010, Mult = 4'b0011, Inversion = 4'b0100,  Complete = 4'b0111, Complete_wait = 4'b1000 } state = Idle;
                                                                                                                                                               |
Warning : Ignoring unsynthesizable construct. [VLOGPT-37]
        : Initial value assignment to reg in file '00_src/ECC_core.sv' on line 104, column 160.
        : The following constructs will be ignored:
    - initial block
    - final block
    - program block
    - property block
    - sequence block
    - covergroup
    - checker block
    - gate drive strength
    - system task enable
    - reg declaration with initial value
    - specify block.
    initial begin
          |
Warning : Ignoring unsynthesizable construct. [VLOGPT-37]
        : Initial in file '00_src/IMEM.sv' on line 8, column 11.
  Libraries have 328 usable logic and 62 usable sequential lib-cells.
Warning : Non-monotonic wireload model found. [LBR-81]
        : 'Length' table in wireload model 'Huge' is non-monotonic.
        : Non-monotonic wireload models can cause problems during synthesis and/or mapping.  Raising some of the points in the curve to give it a monotonic shape.
Warning : Non-monotonic wireload model found. [LBR-81]
        : 'Length' table in wireload model 'Huge' is non-monotonic.
Warning : Non-monotonic wireload model found. [LBR-81]
        : 'Length' table in wireload model 'Huge' is non-monotonic.
Warning : Non-monotonic wireload model found. [LBR-81]
        : 'Length' table in wireload model 'Large' is non-monotonic.
Warning : Non-monotonic wireload model found. [LBR-81]
        : 'Length' table in wireload model 'Large' is non-monotonic.
Warning : Non-monotonic wireload model found. [LBR-81]
        : 'Length' table in wireload model 'Large' is non-monotonic.
Warning : Non-monotonic wireload model found. [LBR-81]
        : 'Length' table in wireload model 'Medium' is non-monotonic.
Warning : Non-monotonic wireload model found. [LBR-81]
        : 'Length' table in wireload model 'Medium' is non-monotonic.
Warning : Non-monotonic wireload model found. [LBR-81]
        : 'Length' table in wireload model 'Medium' is non-monotonic.
Warning : Non-monotonic wireload model found. [LBR-81]
        : 'Length' table in wireload model 'Small' is non-monotonic.
Warning : Non-monotonic wireload model found. [LBR-81]
        : 'Length' table in wireload model 'Small' is non-monotonic.
Warning : Non-monotonic wireload model found. [LBR-81]
        : 'Length' table in wireload model 'Small' is non-monotonic.
Info    : Elaborating Design. [ELAB-1]
        : Elaborating top-level block 'ECC_top' from file '00_src/ECC_top.sv'.
Warning : Undriven signal detected. [ELABUTL-125]
        : Undriven bits of signal 'mem[0]' in module 'imem' in file '00_src/IMEM.sv' on line 12, column 19.
        : Use the 'hdl_undriven_signal_value' attribute to control treatment of undriven net during elaboration.
Warning : Undriven signal detected. [ELABUTL-125]
        : Undriven bits of signal 'mem[1]' in module 'imem' in file '00_src/IMEM.sv' on line 12, column 19.
Warning : Undriven signal detected. [ELABUTL-125]
        : Undriven bits of signal 'mem[2]' in module 'imem' in file '00_src/IMEM.sv' on line 12, column 19.
Warning : Undriven signal detected. [ELABUTL-125]
        : Undriven bits of signal 'mem[3]' in module 'imem' in file '00_src/IMEM.sv' on line 12, column 19.
Warning : Undriven signal detected. [ELABUTL-125]
        : Undriven bits of signal 'mem[4]' in module 'imem' in file '00_src/IMEM.sv' on line 12, column 19.
Warning : Undriven signal detected. [ELABUTL-125]
        : Undriven bits of signal 'mem[5]' in module 'imem' in file '00_src/IMEM.sv' on line 12, column 19.
Warning : Undriven signal detected. [ELABUTL-125]
        : Undriven bits of signal 'mem[6]' in module 'imem' in file '00_src/IMEM.sv' on line 12, column 19.
Warning : Undriven signal detected. [ELABUTL-125]
        : Undriven bits of signal 'mem[7]' in module 'imem' in file '00_src/IMEM.sv' on line 12, column 19.
Warning : Undriven signal detected. [ELABUTL-125]
        : Undriven bits of signal 'mem[8]' in module 'imem' in file '00_src/IMEM.sv' on line 12, column 19.
Warning : Undriven signal detected. [ELABUTL-125]
        : Undriven bits of signal 'mem[9]' in module 'imem' in file '00_src/IMEM.sv' on line 12, column 19.
Warning : Undriven signal detected. [ELABUTL-125]
        : Undriven bits of signal 'mem[10]' in module 'imem' in file '00_src/IMEM.sv' on line 12, column 19.
Warning : Undriven signal detected. [ELABUTL-125]
        : Undriven bits of signal 'mem[11]' in module 'imem' in file '00_src/IMEM.sv' on line 12, column 19.
Warning : Undriven signal detected. [ELABUTL-125]
        : Undriven bits of signal 'mem[12]' in module 'imem' in file '00_src/IMEM.sv' on line 12, column 19.
Warning : Undriven signal detected. [ELABUTL-125]
        : Undriven bits of signal 'mem[13]' in module 'imem' in file '00_src/IMEM.sv' on line 12, column 19.
Warning : Undriven signal detected. [ELABUTL-125]
        : Undriven bits of signal 'mem[14]' in module 'imem' in file '00_src/IMEM.sv' on line 12, column 19.
Warning : Undriven signal detected. [ELABUTL-125]
        : Undriven bits of signal 'mem[15]' in module 'imem' in file '00_src/IMEM.sv' on line 12, column 19.
Warning : Undriven signal detected. [ELABUTL-125]
        : Undriven bits of signal 'mem[16]' in module 'imem' in file '00_src/IMEM.sv' on line 12, column 19.
Warning : Undriven signal detected. [ELABUTL-125]
        : Undriven bits of signal 'mem[17]' in module 'imem' in file '00_src/IMEM.sv' on line 12, column 19.
Warning : Undriven signal detected. [ELABUTL-125]
        : Undriven bits of signal 'mem[18]' in module 'imem' in file '00_src/IMEM.sv' on line 12, column 19.
Warning : Undriven signal detected. [ELABUTL-125]
        : Undriven bits of signal 'mem[19]' in module 'imem' in file '00_src/IMEM.sv' on line 12, column 19.
Warning : Undriven signal detected. [ELABUTL-125]
        : Undriven bits of signal 'mem[20]' in module 'imem' in file '00_src/IMEM.sv' on line 12, column 19.
Warning : Undriven signal detected. [ELABUTL-125]
        : Undriven bits of signal 'mem[21]' in module 'imem' in file '00_src/IMEM.sv' on line 12, column 19.
Warning : Undriven signal detected. [ELABUTL-125]
        : Undriven bits of signal 'mem[22]' in module 'imem' in file '00_src/IMEM.sv' on line 12, column 19.
Warning : Undriven signal detected. [ELABUTL-125]
        : Undriven bits of signal 'mem[23]' in module 'imem' in file '00_src/IMEM.sv' on line 12, column 19.
Warning : Undriven signal detected. [ELABUTL-125]
        : Undriven bits of signal 'mem[24]' in module 'imem' in file '00_src/IMEM.sv' on line 12, column 19.
Warning : Undriven signal detected. [ELABUTL-125]
        : Undriven bits of signal 'mem[25]' in module 'imem' in file '00_src/IMEM.sv' on line 12, column 19.
Warning : Undriven signal detected. [ELABUTL-125]
        : Undriven bits of signal 'mem[26]' in module 'imem' in file '00_src/IMEM.sv' on line 12, column 19.
Warning : Undriven signal detected. [ELABUTL-125]
        : Undriven bits of signal 'mem[27]' in module 'imem' in file '00_src/IMEM.sv' on line 12, column 19.
Warning : Undriven signal detected. [ELABUTL-125]
        : Undriven bits of signal 'mem[28]' in module 'imem' in file '00_src/IMEM.sv' on line 12, column 19.
Warning : Undriven signal detected. [ELABUTL-125]
        : Undriven bits of signal 'mem[29]' in module 'imem' in file '00_src/IMEM.sv' on line 12, column 19.
Warning : Undriven signal detected. [ELABUTL-125]
        : Undriven bits of signal 'mem[30]' in module 'imem' in file '00_src/IMEM.sv' on line 12, column 19.
Warning : Undriven signal detected. [ELABUTL-125]
        : Undriven bits of signal 'mem[31]' in module 'imem' in file '00_src/IMEM.sv' on line 12, column 19.
Warning : Undriven signal detected. [ELABUTL-125]
        : Undriven bits of signal 'mem[32]' in module 'imem' in file '00_src/IMEM.sv' on line 12, column 19.
Warning : Undriven signal detected. [ELABUTL-125]
        : Undriven bits of signal 'mem[33]' in module 'imem' in file '00_src/IMEM.sv' on line 12, column 19.
Warning : Undriven signal detected. [ELABUTL-125]
        : Undriven bits of signal 'mem[34]' in module 'imem' in file '00_src/IMEM.sv' on line 12, column 19.
Warning : Undriven signal detected. [ELABUTL-125]
        : Undriven bits of signal 'mem[35]' in module 'imem' in file '00_src/IMEM.sv' on line 12, column 19.
Warning : Undriven signal detected. [ELABUTL-125]
        : Undriven bits of signal 'mem[36]' in module 'imem' in file '00_src/IMEM.sv' on line 12, column 19.
Warning : Undriven signal detected. [ELABUTL-125]
        : Undriven bits of signal 'mem[37]' in module 'imem' in file '00_src/IMEM.sv' on line 12, column 19.
Warning : Undriven signal detected. [ELABUTL-125]
        : Undriven bits of signal 'mem[38]' in module 'imem' in file '00_src/IMEM.sv' on line 12, column 19.
Warning : Undriven signal detected. [ELABUTL-125]
        : Undriven bits of signal 'mem[39]' in module 'imem' in file '00_src/IMEM.sv' on line 12, column 19.
Warning : Undriven signal detected. [ELABUTL-125]
        : Undriven bits of signal 'mem[40]' in module 'imem' in file '00_src/IMEM.sv' on line 12, column 19.
Warning : Undriven signal detected. [ELABUTL-125]
        : Undriven bits of signal 'mem[41]' in module 'imem' in file '00_src/IMEM.sv' on line 12, column 19.
Warning : Undriven signal detected. [ELABUTL-125]
        : Undriven bits of signal 'mem[42]' in module 'imem' in file '00_src/IMEM.sv' on line 12, column 19.
Warning : Undriven signal detected. [ELABUTL-125]
        : Undriven bits of signal 'mem[43]' in module 'imem' in file '00_src/IMEM.sv' on line 12, column 19.
Warning : Undriven signal detected. [ELABUTL-125]
        : Undriven bits of signal 'mem[44]' in module 'imem' in file '00_src/IMEM.sv' on line 12, column 19.
Warning : Undriven signal detected. [ELABUTL-125]
        : Undriven bits of signal 'mem[45]' in module 'imem' in file '00_src/IMEM.sv' on line 12, column 19.
Warning : Undriven signal detected. [ELABUTL-125]
        : Undriven bits of signal 'mem[46]' in module 'imem' in file '00_src/IMEM.sv' on line 12, column 19.
Warning : Undriven signal detected. [ELABUTL-125]
        : Undriven bits of signal 'mem[47]' in module 'imem' in file '00_src/IMEM.sv' on line 12, column 19.
Warning : Undriven signal detected. [ELABUTL-125]
        : Undriven bits of signal 'mem[48]' in module 'imem' in file '00_src/IMEM.sv' on line 12, column 19.
Warning : Undriven signal detected. [ELABUTL-125]
        : Undriven bits of signal 'mem[49]' in module 'imem' in file '00_src/IMEM.sv' on line 12, column 19.
Warning : Undriven signal detected. [ELABUTL-125]
        : Undriven bits of signal 'mem[50]' in module 'imem' in file '00_src/IMEM.sv' on line 12, column 19.
Warning : Undriven signal detected. [ELABUTL-125]
        : Undriven bits of signal 'mem[51]' in module 'imem' in file '00_src/IMEM.sv' on line 12, column 19.
Warning : Undriven signal detected. [ELABUTL-125]
        : Undriven bits of signal 'mem[52]' in module 'imem' in file '00_src/IMEM.sv' on line 12, column 19.
Warning : Undriven signal detected. [ELABUTL-125]
        : Undriven bits of signal 'mem[53]' in module 'imem' in file '00_src/IMEM.sv' on line 12, column 19.
Warning : Undriven signal detected. [ELABUTL-125]
        : Undriven bits of signal 'mem[54]' in module 'imem' in file '00_src/IMEM.sv' on line 12, column 19.
Warning : Undriven signal detected. [ELABUTL-125]
        : Undriven bits of signal 'mem[55]' in module 'imem' in file '00_src/IMEM.sv' on line 12, column 19.
Warning : Undriven signal detected. [ELABUTL-125]
        : Undriven bits of signal 'mem[56]' in module 'imem' in file '00_src/IMEM.sv' on line 12, column 19.
Warning : Undriven signal detected. [ELABUTL-125]
        : Undriven bits of signal 'mem[57]' in module 'imem' in file '00_src/IMEM.sv' on line 12, column 19.
Warning : Undriven signal detected. [ELABUTL-125]
        : Undriven bits of signal 'mem[58]' in module 'imem' in file '00_src/IMEM.sv' on line 12, column 19.
Warning : Undriven signal detected. [ELABUTL-125]
        : Undriven bits of signal 'mem[59]' in module 'imem' in file '00_src/IMEM.sv' on line 12, column 19.
Warning : Undriven signal detected. [ELABUTL-125]
        : Undriven bits of signal 'mem[60]' in module 'imem' in file '00_src/IMEM.sv' on line 12, column 19.
Warning : Undriven signal detected. [ELABUTL-125]
        : Undriven bits of signal 'mem[61]' in module 'imem' in file '00_src/IMEM.sv' on line 12, column 19.
Warning : Undriven signal detected. [ELABUTL-125]
        : Undriven bits of signal 'mem[62]' in module 'imem' in file '00_src/IMEM.sv' on line 12, column 19.
Warning : Undriven signal detected. [ELABUTL-125]
        : Undriven bits of signal 'mem[63]' in module 'imem' in file '00_src/IMEM.sv' on line 12, column 19.
Warning : Undriven signal detected. [ELABUTL-125]
        : Undriven bits of signal 'mem[64]' in module 'imem' in file '00_src/IMEM.sv' on line 12, column 19.
Warning : Undriven signal detected. [ELABUTL-125]
        : Undriven bits of signal 'mem[65]' in module 'imem' in file '00_src/IMEM.sv' on line 12, column 19.
Warning : Undriven signal detected. [ELABUTL-125]
        : Undriven bits of signal 'mem[66]' in module 'imem' in file '00_src/IMEM.sv' on line 12, column 19.
Warning : Undriven signal detected. [ELABUTL-125]
        : Undriven bits of signal 'mem[67]' in module 'imem' in file '00_src/IMEM.sv' on line 12, column 19.
Warning : Undriven signal detected. [ELABUTL-125]
        : Undriven bits of signal 'mem[68]' in module 'imem' in file '00_src/IMEM.sv' on line 12, column 19.
Warning : Undriven signal detected. [ELABUTL-125]
        : Undriven bits of signal 'mem[69]' in module 'imem' in file '00_src/IMEM.sv' on line 12, column 19.
Warning : Undriven signal detected. [ELABUTL-125]
        : Undriven bits of signal 'mem[70]' in module 'imem' in file '00_src/IMEM.sv' on line 12, column 19.
Warning : Undriven signal detected. [ELABUTL-125]
        : Undriven bits of signal 'mem[71]' in module 'imem' in file '00_src/IMEM.sv' on line 12, column 19.
Warning : Undriven signal detected. [ELABUTL-125]
        : Undriven bits of signal 'mem[72]' in module 'imem' in file '00_src/IMEM.sv' on line 12, column 19.
Warning : Undriven signal detected. [ELABUTL-125]
        : Undriven bits of signal 'mem[73]' in module 'imem' in file '00_src/IMEM.sv' on line 12, column 19.
Warning : Undriven signal detected. [ELABUTL-125]
        : Undriven bits of signal 'mem[74]' in module 'imem' in file '00_src/IMEM.sv' on line 12, column 19.
Warning : Undriven signal detected. [ELABUTL-125]
        : Undriven bits of signal 'mem[75]' in module 'imem' in file '00_src/IMEM.sv' on line 12, column 19.
Warning : Undriven signal detected. [ELABUTL-125]
        : Undriven bits of signal 'mem[76]' in module 'imem' in file '00_src/IMEM.sv' on line 12, column 19.
Warning : Undriven signal detected. [ELABUTL-125]
        : Undriven bits of signal 'mem[77]' in module 'imem' in file '00_src/IMEM.sv' on line 12, column 19.
Warning : Undriven signal detected. [ELABUTL-125]
        : Undriven bits of signal 'mem[78]' in module 'imem' in file '00_src/IMEM.sv' on line 12, column 19.
Warning : Undriven signal detected. [ELABUTL-125]
        : Undriven bits of signal 'mem[79]' in module 'imem' in file '00_src/IMEM.sv' on line 12, column 19.
Warning : Undriven signal detected. [ELABUTL-125]
        : Undriven bits of signal 'mem[80]' in module 'imem' in file '00_src/IMEM.sv' on line 12, column 19.
Warning : Undriven signal detected. [ELABUTL-125]
        : Undriven bits of signal 'mem[81]' in module 'imem' in file '00_src/IMEM.sv' on line 12, column 19.
Warning : Undriven signal detected. [ELABUTL-125]
        : Undriven bits of signal 'mem[82]' in module 'imem' in file '00_src/IMEM.sv' on line 12, column 19.
Warning : Undriven signal detected. [ELABUTL-125]
        : Undriven bits of signal 'mem[83]' in module 'imem' in file '00_src/IMEM.sv' on line 12, column 19.
Warning : Undriven signal detected. [ELABUTL-125]
        : Undriven bits of signal 'mem[84]' in module 'imem' in file '00_src/IMEM.sv' on line 12, column 19.
Warning : Undriven signal detected. [ELABUTL-125]
        : Undriven bits of signal 'mem[85]' in module 'imem' in file '00_src/IMEM.sv' on line 12, column 19.
Warning : Undriven signal detected. [ELABUTL-125]
        : Undriven bits of signal 'mem[86]' in module 'imem' in file '00_src/IMEM.sv' on line 12, column 19.
Warning : Undriven signal detected. [ELABUTL-125]
        : Undriven bits of signal 'mem[87]' in module 'imem' in file '00_src/IMEM.sv' on line 12, column 19.
Warning : Undriven signal detected. [ELABUTL-125]
        : Undriven bits of signal 'mem[88]' in module 'imem' in file '00_src/IMEM.sv' on line 12, column 19.
Warning : Undriven signal detected. [ELABUTL-125]
        : Undriven bits of signal 'mem[89]' in module 'imem' in file '00_src/IMEM.sv' on line 12, column 19.
Warning : Undriven signal detected. [ELABUTL-125]
        : Undriven bits of signal 'mem[90]' in module 'imem' in file '00_src/IMEM.sv' on line 12, column 19.
Warning : Undriven signal detected. [ELABUTL-125]
        : Undriven bits of signal 'mem[91]' in module 'imem' in file '00_src/IMEM.sv' on line 12, column 19.
Warning : Undriven signal detected. [ELABUTL-125]
        : Undriven bits of signal 'mem[92]' in module 'imem' in file '00_src/IMEM.sv' on line 12, column 19.
Warning : Undriven signal detected. [ELABUTL-125]
        : Undriven bits of signal 'mem[93]' in module 'imem' in file '00_src/IMEM.sv' on line 12, column 19.
Warning : Undriven signal detected. [ELABUTL-125]
        : Undriven bits of signal 'mem[94]' in module 'imem' in file '00_src/IMEM.sv' on line 12, column 19.
Warning : Undriven signal detected. [ELABUTL-125]
        : Undriven bits of signal 'mem[95]' in module 'imem' in file '00_src/IMEM.sv' on line 12, column 19.
Warning : Undriven signal detected. [ELABUTL-125]
        : Undriven bits of signal 'mem[96]' in module 'imem' in file '00_src/IMEM.sv' on line 12, column 19.
Warning : Undriven signal detected. [ELABUTL-125]
        : Undriven bits of signal 'mem[97]' in module 'imem' in file '00_src/IMEM.sv' on line 12, column 19.
Warning : Undriven signal detected. [ELABUTL-125]
        : Undriven bits of signal 'mem[98]' in module 'imem' in file '00_src/IMEM.sv' on line 12, column 19.
Warning : Undriven signal detected. [ELABUTL-125]
        : Undriven bits of signal 'mem[99]' in module 'imem' in file '00_src/IMEM.sv' on line 12, column 19.
Warning : Undriven signal detected. [ELABUTL-125]
        : Undriven bits of signal 'mem[100]' in module 'imem' in file '00_src/IMEM.sv' on line 12, column 19.
Warning : Undriven signal detected. [ELABUTL-125]
        : Undriven bits of signal 'mem[101]' in module 'imem' in file '00_src/IMEM.sv' on line 12, column 19.
Warning : Undriven signal detected. [ELABUTL-125]
        : Undriven bits of signal 'mem[102]' in module 'imem' in file '00_src/IMEM.sv' on line 12, column 19.
Warning : Undriven signal detected. [ELABUTL-125]
        : Undriven bits of signal 'mem[103]' in module 'imem' in file '00_src/IMEM.sv' on line 12, column 19.
Warning : Undriven signal detected. [ELABUTL-125]
        : Undriven bits of signal 'mem[104]' in module 'imem' in file '00_src/IMEM.sv' on line 12, column 19.
Warning : Undriven signal detected. [ELABUTL-125]
        : Undriven bits of signal 'mem[105]' in module 'imem' in file '00_src/IMEM.sv' on line 12, column 19.
Warning : Undriven signal detected. [ELABUTL-125]
        : Undriven bits of signal 'mem[106]' in module 'imem' in file '00_src/IMEM.sv' on line 12, column 19.
Warning : Undriven signal detected. [ELABUTL-125]
        : Undriven bits of signal 'mem[107]' in module 'imem' in file '00_src/IMEM.sv' on line 12, column 19.
Warning : Undriven signal detected. [ELABUTL-125]
        : Undriven bits of signal 'mem[108]' in module 'imem' in file '00_src/IMEM.sv' on line 12, column 19.
Warning : Undriven signal detected. [ELABUTL-125]
        : Undriven bits of signal 'mem[109]' in module 'imem' in file '00_src/IMEM.sv' on line 12, column 19.
Warning : Undriven signal detected. [ELABUTL-125]
        : Undriven bits of signal 'mem[110]' in module 'imem' in file '00_src/IMEM.sv' on line 12, column 19.
Warning : Undriven signal detected. [ELABUTL-125]
        : Undriven bits of signal 'mem[111]' in module 'imem' in file '00_src/IMEM.sv' on line 12, column 19.
Warning : Undriven signal detected. [ELABUTL-125]
        : Undriven bits of signal 'mem[112]' in module 'imem' in file '00_src/IMEM.sv' on line 12, column 19.
Warning : Undriven signal detected. [ELABUTL-125]
        : Undriven bits of signal 'mem[113]' in module 'imem' in file '00_src/IMEM.sv' on line 12, column 19.
Warning : Undriven signal detected. [ELABUTL-125]
        : Undriven bits of signal 'mem[114]' in module 'imem' in file '00_src/IMEM.sv' on line 12, column 19.
Warning : Undriven signal detected. [ELABUTL-125]
        : Undriven bits of signal 'mem[115]' in module 'imem' in file '00_src/IMEM.sv' on line 12, column 19.
Warning : Undriven signal detected. [ELABUTL-125]
        : Undriven bits of signal 'mem[116]' in module 'imem' in file '00_src/IMEM.sv' on line 12, column 19.
Warning : Undriven signal detected. [ELABUTL-125]
        : Undriven bits of signal 'mem[117]' in module 'imem' in file '00_src/IMEM.sv' on line 12, column 19.
Warning : Undriven signal detected. [ELABUTL-125]
        : Undriven bits of signal 'mem[118]' in module 'imem' in file '00_src/IMEM.sv' on line 12, column 19.
Warning : Undriven signal detected. [ELABUTL-125]
        : Undriven bits of signal 'mem[119]' in module 'imem' in file '00_src/IMEM.sv' on line 12, column 19.
Warning : Undriven signal detected. [ELABUTL-125]
        : Undriven bits of signal 'mem[120]' in module 'imem' in file '00_src/IMEM.sv' on line 12, column 19.
Warning : Undriven signal detected. [ELABUTL-125]
        : Undriven bits of signal 'mem[121]' in module 'imem' in file '00_src/IMEM.sv' on line 12, column 19.
Warning : Undriven signal detected. [ELABUTL-125]
        : Undriven bits of signal 'mem[122]' in module 'imem' in file '00_src/IMEM.sv' on line 12, column 19.
Warning : Undriven signal detected. [ELABUTL-125]
        : Undriven bits of signal 'mem[123]' in module 'imem' in file '00_src/IMEM.sv' on line 12, column 19.
Warning : Undriven signal detected. [ELABUTL-125]
        : Undriven bits of signal 'mem[124]' in module 'imem' in file '00_src/IMEM.sv' on line 12, column 19.
Warning : Undriven signal detected. [ELABUTL-125]
        : Undriven bits of signal 'mem[125]' in module 'imem' in file '00_src/IMEM.sv' on line 12, column 19.
Warning : Undriven signal detected. [ELABUTL-125]
        : Undriven bits of signal 'mem[126]' in module 'imem' in file '00_src/IMEM.sv' on line 12, column 19.
Warning : Undriven signal detected. [ELABUTL-125]
        : Undriven bits of signal 'mem[127]' in module 'imem' in file '00_src/IMEM.sv' on line 12, column 19.
Warning : Undriven signal detected. [ELABUTL-125]
        : Undriven bits of signal 'mem[128]' in module 'imem' in file '00_src/IMEM.sv' on line 12, column 19.
Warning : Undriven signal detected. [ELABUTL-125]
        : Undriven bits of signal 'mem[129]' in module 'imem' in file '00_src/IMEM.sv' on line 12, column 19.
Warning : Undriven signal detected. [ELABUTL-125]
        : Undriven bits of signal 'mem[130]' in module 'imem' in file '00_src/IMEM.sv' on line 12, column 19.
Warning : Undriven signal detected. [ELABUTL-125]
        : Undriven bits of signal 'mem[131]' in module 'imem' in file '00_src/IMEM.sv' on line 12, column 19.
Warning : Undriven signal detected. [ELABUTL-125]
        : Undriven bits of signal 'mem[132]' in module 'imem' in file '00_src/IMEM.sv' on line 12, column 19.
Warning : Undriven signal detected. [ELABUTL-125]
        : Undriven bits of signal 'mem[133]' in module 'imem' in file '00_src/IMEM.sv' on line 12, column 19.
Warning : Undriven signal detected. [ELABUTL-125]
        : Undriven bits of signal 'mem[134]' in module 'imem' in file '00_src/IMEM.sv' on line 12, column 19.
Warning : Undriven signal detected. [ELABUTL-125]
        : Undriven bits of signal 'mem[135]' in module 'imem' in file '00_src/IMEM.sv' on line 12, column 19.
Warning : Undriven signal detected. [ELABUTL-125]
        : Undriven bits of signal 'mem[136]' in module 'imem' in file '00_src/IMEM.sv' on line 12, column 19.
Warning : Undriven signal detected. [ELABUTL-125]
        : Undriven bits of signal 'mem[137]' in module 'imem' in file '00_src/IMEM.sv' on line 12, column 19.
Warning : Undriven signal detected. [ELABUTL-125]
        : Undriven bits of signal 'mem[138]' in module 'imem' in file '00_src/IMEM.sv' on line 12, column 19.
Warning : Undriven signal detected. [ELABUTL-125]
        : Undriven bits of signal 'mem[139]' in module 'imem' in file '00_src/IMEM.sv' on line 12, column 19.
Warning : Undriven signal detected. [ELABUTL-125]
        : Undriven bits of signal 'mem[140]' in module 'imem' in file '00_src/IMEM.sv' on line 12, column 19.
Warning : Undriven signal detected. [ELABUTL-125]
        : Undriven bits of signal 'mem[141]' in module 'imem' in file '00_src/IMEM.sv' on line 12, column 19.
Warning : Undriven signal detected. [ELABUTL-125]
        : Undriven bits of signal 'mem[142]' in module 'imem' in file '00_src/IMEM.sv' on line 12, column 19.
Warning : Undriven signal detected. [ELABUTL-125]
        : Undriven bits of signal 'mem[143]' in module 'imem' in file '00_src/IMEM.sv' on line 12, column 19.
Warning : Undriven signal detected. [ELABUTL-125]
        : Undriven bits of signal 'mem[144]' in module 'imem' in file '00_src/IMEM.sv' on line 12, column 19.
Warning : Undriven signal detected. [ELABUTL-125]
        : Undriven bits of signal 'mem[145]' in module 'imem' in file '00_src/IMEM.sv' on line 12, column 19.
Warning : Undriven signal detected. [ELABUTL-125]
        : Undriven bits of signal 'mem[146]' in module 'imem' in file '00_src/IMEM.sv' on line 12, column 19.
Warning : Undriven signal detected. [ELABUTL-125]
        : Undriven bits of signal 'mem[147]' in module 'imem' in file '00_src/IMEM.sv' on line 12, column 19.
Warning : Undriven signal detected. [ELABUTL-125]
        : Undriven bits of signal 'mem[148]' in module 'imem' in file '00_src/IMEM.sv' on line 12, column 19.
Warning : Undriven signal detected. [ELABUTL-125]
        : Undriven bits of signal 'mem[149]' in module 'imem' in file '00_src/IMEM.sv' on line 12, column 19.
Warning : Undriven signal detected. [ELABUTL-125]
        : Undriven bits of signal 'mem[150]' in module 'imem' in file '00_src/IMEM.sv' on line 12, column 19.
Warning : Undriven signal detected. [ELABUTL-125]
        : Undriven bits of signal 'mem[151]' in module 'imem' in file '00_src/IMEM.sv' on line 12, column 19.
Warning : Undriven signal detected. [ELABUTL-125]
        : Undriven bits of signal 'mem[152]' in module 'imem' in file '00_src/IMEM.sv' on line 12, column 19.
Warning : Undriven signal detected. [ELABUTL-125]
        : Undriven bits of signal 'mem[153]' in module 'imem' in file '00_src/IMEM.sv' on line 12, column 19.
Warning : Undriven signal detected. [ELABUTL-125]
        : Undriven bits of signal 'mem[154]' in module 'imem' in file '00_src/IMEM.sv' on line 12, column 19.
Warning : Undriven signal detected. [ELABUTL-125]
        : Undriven bits of signal 'mem[155]' in module 'imem' in file '00_src/IMEM.sv' on line 12, column 19.
Warning : Undriven signal detected. [ELABUTL-125]
        : Undriven bits of signal 'mem[156]' in module 'imem' in file '00_src/IMEM.sv' on line 12, column 19.
Warning : Undriven signal detected. [ELABUTL-125]
        : Undriven bits of signal 'mem[157]' in module 'imem' in file '00_src/IMEM.sv' on line 12, column 19.
Warning : Undriven signal detected. [ELABUTL-125]
        : Undriven bits of signal 'mem[158]' in module 'imem' in file '00_src/IMEM.sv' on line 12, column 19.
Warning : Undriven signal detected. [ELABUTL-125]
        : Undriven bits of signal 'mem[159]' in module 'imem' in file '00_src/IMEM.sv' on line 12, column 19.
Warning : Undriven signal detected. [ELABUTL-125]
        : Undriven bits of signal 'mem[160]' in module 'imem' in file '00_src/IMEM.sv' on line 12, column 19.
Warning : Undriven signal detected. [ELABUTL-125]
        : Undriven bits of signal 'mem[161]' in module 'imem' in file '00_src/IMEM.sv' on line 12, column 19.
Warning : Undriven signal detected. [ELABUTL-125]
        : Undriven bits of signal 'mem[162]' in module 'imem' in file '00_src/IMEM.sv' on line 12, column 19.
Warning : Undriven signal detected. [ELABUTL-125]
        : Undriven bits of signal 'mem[163]' in module 'imem' in file '00_src/IMEM.sv' on line 12, column 19.
Warning : Undriven signal detected. [ELABUTL-125]
        : Undriven bits of signal 'mem[164]' in module 'imem' in file '00_src/IMEM.sv' on line 12, column 19.
Warning : Undriven signal detected. [ELABUTL-125]
        : Undriven bits of signal 'mem[165]' in module 'imem' in file '00_src/IMEM.sv' on line 12, column 19.
Warning : Undriven signal detected. [ELABUTL-125]
        : Undriven bits of signal 'mem[166]' in module 'imem' in file '00_src/IMEM.sv' on line 12, column 19.
Warning : Undriven signal detected. [ELABUTL-125]
        : Undriven bits of signal 'mem[167]' in module 'imem' in file '00_src/IMEM.sv' on line 12, column 19.
Warning : Undriven signal detected. [ELABUTL-125]
        : Undriven bits of signal 'mem[168]' in module 'imem' in file '00_src/IMEM.sv' on line 12, column 19.
Warning : Undriven signal detected. [ELABUTL-125]
        : Undriven bits of signal 'mem[169]' in module 'imem' in file '00_src/IMEM.sv' on line 12, column 19.
Warning : Undriven signal detected. [ELABUTL-125]
        : Undriven bits of signal 'mem[170]' in module 'imem' in file '00_src/IMEM.sv' on line 12, column 19.
Warning : Undriven signal detected. [ELABUTL-125]
        : Undriven bits of signal 'mem[171]' in module 'imem' in file '00_src/IMEM.sv' on line 12, column 19.
Warning : Undriven signal detected. [ELABUTL-125]
        : Undriven bits of signal 'mem[172]' in module 'imem' in file '00_src/IMEM.sv' on line 12, column 19.
Warning : Undriven signal detected. [ELABUTL-125]
        : Undriven bits of signal 'mem[173]' in module 'imem' in file '00_src/IMEM.sv' on line 12, column 19.
Warning : Undriven signal detected. [ELABUTL-125]
        : Undriven bits of signal 'mem[174]' in module 'imem' in file '00_src/IMEM.sv' on line 12, column 19.
Warning : Undriven signal detected. [ELABUTL-125]
        : Undriven bits of signal 'mem[175]' in module 'imem' in file '00_src/IMEM.sv' on line 12, column 19.
Warning : Undriven signal detected. [ELABUTL-125]
        : Undriven bits of signal 'mem[176]' in module 'imem' in file '00_src/IMEM.sv' on line 12, column 19.
Warning : Undriven signal detected. [ELABUTL-125]
        : Undriven bits of signal 'mem[177]' in module 'imem' in file '00_src/IMEM.sv' on line 12, column 19.
Warning : Undriven signal detected. [ELABUTL-125]
        : Undriven bits of signal 'mem[178]' in module 'imem' in file '00_src/IMEM.sv' on line 12, column 19.
Warning : Undriven signal detected. [ELABUTL-125]
        : Undriven bits of signal 'mem[179]' in module 'imem' in file '00_src/IMEM.sv' on line 12, column 19.
Warning : Undriven signal detected. [ELABUTL-125]
        : Undriven bits of signal 'mem[180]' in module 'imem' in file '00_src/IMEM.sv' on line 12, column 19.
Warning : Undriven signal detected. [ELABUTL-125]
        : Undriven bits of signal 'mem[181]' in module 'imem' in file '00_src/IMEM.sv' on line 12, column 19.
Warning : Undriven signal detected. [ELABUTL-125]
        : Undriven bits of signal 'mem[182]' in module 'imem' in file '00_src/IMEM.sv' on line 12, column 19.
Warning : Undriven signal detected. [ELABUTL-125]
        : Undriven bits of signal 'mem[183]' in module 'imem' in file '00_src/IMEM.sv' on line 12, column 19.
Warning : Undriven signal detected. [ELABUTL-125]
        : Undriven bits of signal 'mem[184]' in module 'imem' in file '00_src/IMEM.sv' on line 12, column 19.
Warning : Undriven signal detected. [ELABUTL-125]
        : Undriven bits of signal 'mem[185]' in module 'imem' in file '00_src/IMEM.sv' on line 12, column 19.
Warning : Undriven signal detected. [ELABUTL-125]
        : Undriven bits of signal 'mem[186]' in module 'imem' in file '00_src/IMEM.sv' on line 12, column 19.
Warning : Undriven signal detected. [ELABUTL-125]
        : Undriven bits of signal 'mem[187]' in module 'imem' in file '00_src/IMEM.sv' on line 12, column 19.
Warning : Undriven signal detected. [ELABUTL-125]
        : Undriven bits of signal 'mem[188]' in module 'imem' in file '00_src/IMEM.sv' on line 12, column 19.
Warning : Undriven signal detected. [ELABUTL-125]
        : Undriven bits of signal 'mem[189]' in module 'imem' in file '00_src/IMEM.sv' on line 12, column 19.
Warning : Undriven signal detected. [ELABUTL-125]
        : Undriven bits of signal 'mem[190]' in module 'imem' in file '00_src/IMEM.sv' on line 12, column 19.
Warning : Undriven signal detected. [ELABUTL-125]
        : Undriven bits of signal 'mem[191]' in module 'imem' in file '00_src/IMEM.sv' on line 12, column 19.
Warning : Undriven signal detected. [ELABUTL-125]
        : Undriven bits of signal 'mem[192]' in module 'imem' in file '00_src/IMEM.sv' on line 12, column 19.
Warning : Undriven signal detected. [ELABUTL-125]
        : Undriven bits of signal 'mem[193]' in module 'imem' in file '00_src/IMEM.sv' on line 12, column 19.
Warning : Undriven signal detected. [ELABUTL-125]
        : Undriven bits of signal 'mem[194]' in module 'imem' in file '00_src/IMEM.sv' on line 12, column 19.
Warning : Undriven signal detected. [ELABUTL-125]
        : Undriven bits of signal 'mem[195]' in module 'imem' in file '00_src/IMEM.sv' on line 12, column 19.
Warning : Undriven signal detected. [ELABUTL-125]
        : Undriven bits of signal 'mem[196]' in module 'imem' in file '00_src/IMEM.sv' on line 12, column 19.
Warning : Undriven signal detected. [ELABUTL-125]
        : Undriven bits of signal 'mem[197]' in module 'imem' in file '00_src/IMEM.sv' on line 12, column 19.
Warning : Undriven signal detected. [ELABUTL-125]
        : Undriven bits of signal 'mem[198]' in module 'imem' in file '00_src/IMEM.sv' on line 12, column 19.
Warning : Undriven signal detected. [ELABUTL-125]
        : Undriven bits of signal 'mem[199]' in module 'imem' in file '00_src/IMEM.sv' on line 12, column 19.
Warning : Undriven signal detected. [ELABUTL-125]
        : Undriven bits of signal 'mem[200]' in module 'imem' in file '00_src/IMEM.sv' on line 12, column 19.
Warning : Undriven signal detected. [ELABUTL-125]
        : Undriven bits of signal 'mem[201]' in module 'imem' in file '00_src/IMEM.sv' on line 12, column 19.
Warning : Undriven signal detected. [ELABUTL-125]
        : Undriven bits of signal 'mem[202]' in module 'imem' in file '00_src/IMEM.sv' on line 12, column 19.
Warning : Undriven signal detected. [ELABUTL-125]
        : Undriven bits of signal 'mem[203]' in module 'imem' in file '00_src/IMEM.sv' on line 12, column 19.
Warning : Undriven signal detected. [ELABUTL-125]
        : Undriven bits of signal 'mem[204]' in module 'imem' in file '00_src/IMEM.sv' on line 12, column 19.
Warning : Undriven signal detected. [ELABUTL-125]
        : Undriven bits of signal 'mem[205]' in module 'imem' in file '00_src/IMEM.sv' on line 12, column 19.
Warning : Undriven signal detected. [ELABUTL-125]
        : Undriven bits of signal 'mem[206]' in module 'imem' in file '00_src/IMEM.sv' on line 12, column 19.
Warning : Undriven signal detected. [ELABUTL-125]
        : Undriven bits of signal 'mem[207]' in module 'imem' in file '00_src/IMEM.sv' on line 12, column 19.
Warning : Undriven signal detected. [ELABUTL-125]
        : Undriven bits of signal 'mem[208]' in module 'imem' in file '00_src/IMEM.sv' on line 12, column 19.
Warning : Undriven signal detected. [ELABUTL-125]
        : Undriven bits of signal 'mem[209]' in module 'imem' in file '00_src/IMEM.sv' on line 12, column 19.
Warning : Undriven signal detected. [ELABUTL-125]
        : Undriven bits of signal 'mem[210]' in module 'imem' in file '00_src/IMEM.sv' on line 12, column 19.
Warning : Undriven signal detected. [ELABUTL-125]
        : Undriven bits of signal 'mem[211]' in module 'imem' in file '00_src/IMEM.sv' on line 12, column 19.
Warning : Undriven signal detected. [ELABUTL-125]
        : Undriven bits of signal 'mem[212]' in module 'imem' in file '00_src/IMEM.sv' on line 12, column 19.
Warning : Undriven signal detected. [ELABUTL-125]
        : Undriven bits of signal 'mem[213]' in module 'imem' in file '00_src/IMEM.sv' on line 12, column 19.
Warning : Undriven signal detected. [ELABUTL-125]
        : Undriven bits of signal 'mem[214]' in module 'imem' in file '00_src/IMEM.sv' on line 12, column 19.
Warning : Undriven signal detected. [ELABUTL-125]
        : Undriven bits of signal 'mem[215]' in module 'imem' in file '00_src/IMEM.sv' on line 12, column 19.
Warning : Undriven signal detected. [ELABUTL-125]
        : Undriven bits of signal 'mem[216]' in module 'imem' in file '00_src/IMEM.sv' on line 12, column 19.
Warning : Undriven signal detected. [ELABUTL-125]
        : Undriven bits of signal 'mem[217]' in module 'imem' in file '00_src/IMEM.sv' on line 12, column 19.
Warning : Undriven signal detected. [ELABUTL-125]
        : Undriven bits of signal 'mem[218]' in module 'imem' in file '00_src/IMEM.sv' on line 12, column 19.
Warning : Undriven signal detected. [ELABUTL-125]
        : Undriven bits of signal 'mem[219]' in module 'imem' in file '00_src/IMEM.sv' on line 12, column 19.
Warning : Undriven signal detected. [ELABUTL-125]
        : Undriven bits of signal 'mem[220]' in module 'imem' in file '00_src/IMEM.sv' on line 12, column 19.
Warning : Undriven signal detected. [ELABUTL-125]
        : Undriven bits of signal 'mem[221]' in module 'imem' in file '00_src/IMEM.sv' on line 12, column 19.
Warning : Undriven signal detected. [ELABUTL-125]
        : Undriven bits of signal 'mem[222]' in module 'imem' in file '00_src/IMEM.sv' on line 12, column 19.
Warning : Undriven signal detected. [ELABUTL-125]
        : Undriven bits of signal 'mem[223]' in module 'imem' in file '00_src/IMEM.sv' on line 12, column 19.
Warning : Undriven signal detected. [ELABUTL-125]
        : Undriven bits of signal 'mem[224]' in module 'imem' in file '00_src/IMEM.sv' on line 12, column 19.
Warning : Undriven signal detected. [ELABUTL-125]
        : Undriven bits of signal 'mem[225]' in module 'imem' in file '00_src/IMEM.sv' on line 12, column 19.
Warning : Undriven signal detected. [ELABUTL-125]
        : Undriven bits of signal 'mem[226]' in module 'imem' in file '00_src/IMEM.sv' on line 12, column 19.
Warning : Undriven signal detected. [ELABUTL-125]
        : Undriven bits of signal 'mem[227]' in module 'imem' in file '00_src/IMEM.sv' on line 12, column 19.
Warning : Undriven signal detected. [ELABUTL-125]
        : Undriven bits of signal 'mem[228]' in module 'imem' in file '00_src/IMEM.sv' on line 12, column 19.
Warning : Undriven signal detected. [ELABUTL-125]
        : Undriven bits of signal 'mem[229]' in module 'imem' in file '00_src/IMEM.sv' on line 12, column 19.
Warning : Undriven signal detected. [ELABUTL-125]
        : Undriven bits of signal 'mem[230]' in module 'imem' in file '00_src/IMEM.sv' on line 12, column 19.
Warning : Undriven signal detected. [ELABUTL-125]
        : Undriven bits of signal 'mem[231]' in module 'imem' in file '00_src/IMEM.sv' on line 12, column 19.
Warning : Undriven signal detected. [ELABUTL-125]
        : Undriven bits of signal 'mem[232]' in module 'imem' in file '00_src/IMEM.sv' on line 12, column 19.
Warning : Undriven signal detected. [ELABUTL-125]
        : Undriven bits of signal 'mem[233]' in module 'imem' in file '00_src/IMEM.sv' on line 12, column 19.
Warning : Undriven signal detected. [ELABUTL-125]
        : Undriven bits of signal 'mem[234]' in module 'imem' in file '00_src/IMEM.sv' on line 12, column 19.
Warning : Undriven signal detected. [ELABUTL-125]
        : Undriven bits of signal 'mem[235]' in module 'imem' in file '00_src/IMEM.sv' on line 12, column 19.
Warning : Undriven signal detected. [ELABUTL-125]
        : Undriven bits of signal 'mem[236]' in module 'imem' in file '00_src/IMEM.sv' on line 12, column 19.
Warning : Undriven signal detected. [ELABUTL-125]
        : Undriven bits of signal 'mem[237]' in module 'imem' in file '00_src/IMEM.sv' on line 12, column 19.
Warning : Undriven signal detected. [ELABUTL-125]
        : Undriven bits of signal 'mem[238]' in module 'imem' in file '00_src/IMEM.sv' on line 12, column 19.
Warning : Undriven signal detected. [ELABUTL-125]
        : Undriven bits of signal 'mem[239]' in module 'imem' in file '00_src/IMEM.sv' on line 12, column 19.
Warning : Undriven signal detected. [ELABUTL-125]
        : Undriven bits of signal 'mem[240]' in module 'imem' in file '00_src/IMEM.sv' on line 12, column 19.
Warning : Undriven signal detected. [ELABUTL-125]
        : Undriven bits of signal 'mem[241]' in module 'imem' in file '00_src/IMEM.sv' on line 12, column 19.
Warning : Undriven signal detected. [ELABUTL-125]
        : Undriven bits of signal 'mem[242]' in module 'imem' in file '00_src/IMEM.sv' on line 12, column 19.
Warning : Undriven signal detected. [ELABUTL-125]
        : Undriven bits of signal 'mem[243]' in module 'imem' in file '00_src/IMEM.sv' on line 12, column 19.
Warning : Undriven signal detected. [ELABUTL-125]
        : Undriven bits of signal 'mem[244]' in module 'imem' in file '00_src/IMEM.sv' on line 12, column 19.
Warning : Undriven signal detected. [ELABUTL-125]
        : Undriven bits of signal 'mem[245]' in module 'imem' in file '00_src/IMEM.sv' on line 12, column 19.
Warning : Undriven signal detected. [ELABUTL-125]
        : Undriven bits of signal 'mem[246]' in module 'imem' in file '00_src/IMEM.sv' on line 12, column 19.
Warning : Undriven signal detected. [ELABUTL-125]
        : Undriven bits of signal 'mem[247]' in module 'imem' in file '00_src/IMEM.sv' on line 12, column 19.
Warning : Undriven signal detected. [ELABUTL-125]
        : Undriven bits of signal 'mem[248]' in module 'imem' in file '00_src/IMEM.sv' on line 12, column 19.
Warning : Undriven signal detected. [ELABUTL-125]
        : Undriven bits of signal 'mem[249]' in module 'imem' in file '00_src/IMEM.sv' on line 12, column 19.
Warning : Undriven signal detected. [ELABUTL-125]
        : Undriven bits of signal 'mem[250]' in module 'imem' in file '00_src/IMEM.sv' on line 12, column 19.
Warning : Undriven signal detected. [ELABUTL-125]
        : Undriven bits of signal 'mem[251]' in module 'imem' in file '00_src/IMEM.sv' on line 12, column 19.
Warning : Undriven signal detected. [ELABUTL-125]
        : Undriven bits of signal 'mem[252]' in module 'imem' in file '00_src/IMEM.sv' on line 12, column 19.
Warning : Undriven signal detected. [ELABUTL-125]
        : Undriven bits of signal 'mem[253]' in module 'imem' in file '00_src/IMEM.sv' on line 12, column 19.
Warning : Undriven signal detected. [ELABUTL-125]
        : Undriven bits of signal 'mem[254]' in module 'imem' in file '00_src/IMEM.sv' on line 12, column 19.
Warning : Undriven signal detected. [ELABUTL-125]
        : Undriven bits of signal 'mem[255]' in module 'imem' in file '00_src/IMEM.sv' on line 12, column 19.
Warning : Removing unused register. [CDFG-508]
        : Removing unused flip-flop register 'Cout_13' in module 'BK256' in file '00_src/BK256.sv' on line 190.
        : A flip-flop or latch that was inferred for an unused signal or variable was removed. Use '::legacy::set_attribute hdl_preserve_unused_registers true /' to preserve the flip-flop or latch.
Warning : Removing unused register. [CDFG-508]
        : Removing unused flip-flop register 'Cout_14' in module 'BK256' in file '00_src/BK256.sv' on line 198.
Warning : Using default parameter value for module elaboration. [CDFG-818]
        : Elaborating block 'ECC_core' with default parameters value.
Warning : Unreachable statements for case item. [CDFG-472]
        : Case item 'default' in module 'ECC_core' in file '00_src/ECC_core.sv' on line 92.
Warning : Removing unused register. [CDFG-508]
        : Removing unused flip-flop register 'state' in module 'Jacobian_to_Affine' in file '00_src/Jacobian_to_Affine.sv' on line 29.
Warning : Generated logic differs from the expected logic. [CDFG-368]
        : Signal 'state' in module 'Jacobian_to_Affine' modeled as wire instead of flip-flop in file '00_src/Jacobian_to_Affine.sv' on line 29.
        : The logic generated for an always_comb, always_latch or always_ff process may not match the specified behavior.
Warning : Unreachable statements for case item. [CDFG-472]
        : Case item 'default' in module 'MUX_wb' in file '00_src/MUX_wb.sv' on line 12.
Warning : Generated logic differs from the expected logic. [CDFG2G-615]
        : Signal 'wb_data_2' in module 'MUX_wb' modeled as latch instead of wire in file '00_src/MUX_wb.sv' on line 11, column 46.
        : The logic generated for an always_comb, always_latch or always_ff process may not match the behavior specified in the input HDL.
Warning : Generated logic differs from the expected logic. [CDFG2G-615]
        : Signal 'wb_data_3' in module 'MUX_wb' modeled as latch instead of wire in file '00_src/MUX_wb.sv' on line 11, column 1.
Error   : Could not find hierarchical name. [CDFG-201] [elaborate]
        : Could not resolve hierchical name 'regfile_inst.memory' in module 'ECC_top' in file '00_src/ECC_top.sv' on line 208.
        : Error during elaboration.
Info    : Error in Elaborating Design. [ELAB-4]
        : Module 'ECC_top' contains errors and cannot be elaborated.
errorInfo: elaborate ECC_top
errorInfo: 1
    while executing
"elaborate ${mod}"
1
Encountered problems processing file: ./03_synth/genus_shell.tcl
WARNING: This version of the tool is 3446 days old.

Another Ctrl-C within 1 second will terminate the tool.
