xrun(64): 20.09-s001: (c) Copyright 1995-2020 Cadence Design Systems, Inc.
xrun: *W,FMDEF: The default file type mapping of .sv is being overwritten.
TOOL:	xrun(64)	20.09-s001: Started on Apr 06, 2025 at 01:25:36 EDT
xrun
	+xm64bit
	-sv
	-vlogext .sv
	-f 00_src/flist.f
		00_src/GrayCell.sv
		00_src/BrentKung.sv
		00_src/xor16.sv
		00_src/pg16.sv
		00_src/BK256.sv
		00_src/modular_addition.sv
		00_src/modular_subtractor.sv
		00_src/modular_multiplication.sv
		00_src/modular_inversion.sv
		00_src/constant.sv
		00_src/ECC_core.sv
	01_tb/tb_ECC_core.sv
	-timescale 1ns/10ps
	+access+rcw
Recompiling... reason: file './01_tb/tb_ECC_core.sv' is newer than expected.
	expected: Sun Apr  6 01:23:40 2025
	actual:   Sun Apr  6 01:25:33 2025
file: 01_tb/tb_ECC_core.sv
	module worklib.tb_ECC_core:sv
		errors: 0, warnings: 0
		Caching library 'worklib' ....... Done
	Elaborating the design hierarchy:
		Caching library 'worklib' ....... Done
	Top level design units:
		tb_ECC_core
xmelab: *W,DSEMEL: This SystemVerilog design will be simulated as per IEEE 1800-2009 SystemVerilog simulation semantics. Use -disable_sem2009 option for turning off SV 2009 simulation semantics.
	Building instance overlay tables: .................... Done
	Generating native compiled code:
		worklib.tb_ECC_core:sv <0x34284c8f>
			streams:  10, words: 20576
	Building instance specific data structures.
	Loading native compiled code:     .................... Done
	Design hierarchy summary:
		                  Instances  Unique
		Modules:               1930      12
		Primitives:            7232       3
		Registers:              147      78
		Scalar wires:           170       -
		Expanded wires:        4864    1095
		Vectored wires:          31       -
		Always blocks:           81      30
		Initial blocks:           3       3
		Cont. assignments:       21      41
		Pseudo assignments:     216     120
		Simulation timescale:  10ps
	Writing initial simulation snapshot: worklib.tb_ECC_core:sv
Loading snapshot worklib.tb_ECC_core:sv .................... Done
xmsim: *W,DSEM2009: This SystemVerilog design is simulated as per IEEE 1800-2009 SystemVerilog simulation semantics. Use -disable_sem2009 option for turning off SV 2009 simulation semantics.
xcelium> source /opt/cadence/XCELIUM2009/tools/xcelium/files/xmsimrc
xcelium> run
Test Case 1: ADD
a = 0000000000000000000000000000000000000000000000000000000000000023, b = 0000000000000000000000000000000000000000000000000000000000000019, prime = 000000000000000000000000000000000000000000000000000000000000007f, result = 000000000000000000000000000000000000000000000000000000000000003c
Test Case 2: SUB
a = 000000000000000000000000000000000000000000000000000000000000005a, b = 000000000000000000000000000000000000000000000000000000000000003c, prime = 000000000000000000000000000000000000000000000000000000000000007f, result = 000000000000000000000000000000000000000000000000000000000000003c
Test Case 3: MULT
a = 0000000000000000000000000000000000000000000000000000000000000005, b = 0000000000000000000000000000000000000000000000000000000000000007, prime = 00000000000000000000000000000000ffffffffffffffffffffffffffffffc5, result = 000000000000000000000000000000000000000000000000000000000000ff43
Test Case 4: INV
a = 0000000000000000000000000000000000000000000000000000000000000001, b = 0000000000000000000000000000000000000000000000000000000000000003, prime = 0000000000000000000000000000000000000000000000000000000000000007, result = 000000000000000000000000000000000000000000000000000000000000ff43
Simulation complete via $finish(1) at time 925 NS + 0
./01_tb/tb_ECC_core.sv:121         $finish;
xcelium> exit
TOOL:	xrun(64)	20.09-s001: Exiting on Apr 06, 2025 at 01:25:37 EDT  (total: 00:00:01)
